ili9488.c:289:6:SendByte	16	static
ili9488.c:295:6:ILI9488_SendCommand	24	static
ili9488.c:315:6:ILI9488_SendData	24	static
ili9488.c:335:6:ILI9488_SendData_Multi	24	static
ili9488.c:356:6:WaitLastData	4	static
ili9488.c:381:6:ILI9488_Init	8	static
ili9488.c:493:6:setAddrWindow	32	static
ili9488.c:519:6:setScrollArea	16	static
ili9488.c:530:6:scroll	16	static
ili9488.c:536:6:pushColor	16	static
ili9488.c:545:6:pushColors	40	dynamic
ili9488.c:570:6:drawImage	56	dynamic
ili9488.c:610:6:drawPixel	16	static
ili9488.c:624:6:drawFastVLine	24	static
ili9488.c:644:6:drawFastHLine	24	static
ili9488.c:661:6:drawLine	40	static
ili9488.c:679:6:writeLine	48	static
ili9488.c:720:6:fillScreen	24	static
ili9488.c:725:6:fillRect	56	dynamic
ili9488.c:781:6:setRotation	24	static
ili9488.c:811:6:invertDisplay	16	static
ili9488.c:817:10:color565	16	static
ili9488.c:823:6:drawChar	40	static
ili9488.c:869:6:ILI9488_printText	48	static
ili9488.c:879:6:testLines	56	static
ili9488.c:931:6:write16BitColor	24	static
